127.0.0.1 - - [08/Dec/2023:14:18:51 +0900] "GET / HTTP/1.1" 404 808
0:0:0:0:0:0:0:1 - - [08/Dec/2023:14:18:51 +0900] "GET /ServletStudy/myservlet02 HTTP/1.1" 200 94
0:0:0:0:0:0:0:1 - - [08/Dec/2023:14:18:51 +0900] "GET /favicon.ico HTTP/1.1" 404 819
127.0.0.1 - - [08/Dec/2023:14:19:01 +0900] "GET / HTTP/1.1" 404 808
0:0:0:0:0:0:0:1 - - [08/Dec/2023:14:19:02 +0900] "GET /ServletStudy/myservlet02 HTTP/1.1" 200 94
127.0.0.1 - - [08/Dec/2023:14:19:25 +0900] "GET / HTTP/1.1" 404 808
0:0:0:0:0:0:0:1 - - [08/Dec/2023:14:19:26 +0900] "GET /ServletStudy/myservlet02 HTTP/1.1" 200 79
127.0.0.1 - - [08/Dec/2023:14:22:50 +0900] "GET / HTTP/1.1" 404 808
0:0:0:0:0:0:0:1 - - [08/Dec/2023:14:22:51 +0900] "GET /ServletStudy/myservlet03 HTTP/1.1" 200 112
127.0.0.1 - - [08/Dec/2023:14:41:13 +0900] "GET / HTTP/1.1" 404 808
0:0:0:0:0:0:0:1 - - [08/Dec/2023:14:41:13 +0900] "GET /ServletStudy/servlet/edu.pnu.servlet.MyServlet04$MyServlet03 HTTP/1.1" 404 876
0:0:0:0:0:0:0:1 - - [08/Dec/2023:14:42:58 +0900] "GET /ServletStudy/servlet/edu.pnu.servlet.MyServlet04$MyServlet03 HTTP/1.1" 404 876
127.0.0.1 - - [08/Dec/2023:14:43:09 +0900] "GET / HTTP/1.1" 404 808
0:0:0:0:0:0:0:1 - - [08/Dec/2023:14:43:09 +0900] "GET /ServletStudy/servlet/edu.pnu.servlet.MyServlet04$MyServlet03 HTTP/1.1" 404 876
127.0.0.1 - - [08/Dec/2023:14:45:47 +0900] "GET / HTTP/1.1" 404 808
0:0:0:0:0:0:0:1 - - [08/Dec/2023:14:45:48 +0900] "GET /ServletStudy/servlet/edu.pnu.servlet.MyServlet04$MyServlet03 HTTP/1.1" 404 876
127.0.0.1 - - [08/Dec/2023:14:48:30 +0900] "GET / HTTP/1.1" 404 808
0:0:0:0:0:0:0:1 - - [08/Dec/2023:14:48:31 +0900] "GET /ServletStudy/myservlet04 HTTP/1.1" 200 234
127.0.0.1 - - [08/Dec/2023:14:50:06 +0900] "GET / HTTP/1.1" 404 808
0:0:0:0:0:0:0:1 - - [08/Dec/2023:14:50:07 +0900] "GET /ServletStudy/myservlet05 HTTP/1.1" 500 4009
127.0.0.1 - - [08/Dec/2023:14:50:20 +0900] "GET / HTTP/1.1" 404 808
0:0:0:0:0:0:0:1 - - [08/Dec/2023:14:50:20 +0900] "GET /ServletStudy/myservlet05 HTTP/1.1" 200 256
127.0.0.1 - - [08/Dec/2023:14:59:33 +0900] "GET / HTTP/1.1" 404 808
0:0:0:0:0:0:0:1 - - [08/Dec/2023:14:59:34 +0900] "GET /ServletStudy/myservlet05 HTTP/1.1" 200 377
127.0.0.1 - - [08/Dec/2023:14:59:59 +0900] "GET / HTTP/1.1" 404 808
0:0:0:0:0:0:0:1 - - [08/Dec/2023:14:59:59 +0900] "GET /ServletStudy/myservlet05 HTTP/1.1" 200 380
127.0.0.1 - - [08/Dec/2023:15:02:36 +0900] "GET / HTTP/1.1" 404 808
0:0:0:0:0:0:0:1 - - [08/Dec/2023:15:02:36 +0900] "GET /ServletStudy/myservlet05 HTTP/1.1" 200 399
127.0.0.1 - - [08/Dec/2023:15:05:51 +0900] "GET / HTTP/1.1" 404 808
0:0:0:0:0:0:0:1 - - [08/Dec/2023:15:05:51 +0900] "GET /ServletStudy/myservlet05 HTTP/1.1" 200 487
127.0.0.1 - - [08/Dec/2023:15:06:48 +0900] "GET / HTTP/1.1" 404 808
0:0:0:0:0:0:0:1 - - [08/Dec/2023:15:06:48 +0900] "GET /ServletStudy/myservlet04 HTTP/1.1" 200 410
0:0:0:0:0:0:0:1 - - [08/Dec/2023:15:07:09 +0900] "GET /ServletStudy/myservlet05 HTTP/1.1" 200 487
0:0:0:0:0:0:0:1 - - [08/Dec/2023:15:07:17 +0900] "GET /ServletStudy/myservlet05 HTTP/1.1" 200 487
127.0.0.1 - - [08/Dec/2023:15:09:56 +0900] "GET / HTTP/1.1" 404 808
0:0:0:0:0:0:0:1 - - [08/Dec/2023:15:09:56 +0900] "GET /ServletStudy/myservlet05 HTTP/1.1" 200 464
127.0.0.1 - - [08/Dec/2023:15:11:51 +0900] "GET / HTTP/1.1" 404 808
0:0:0:0:0:0:0:1 - - [08/Dec/2023:15:11:51 +0900] "GET /ServletStudy/myservlet05 HTTP/1.1" 200 469
127.0.0.1 - - [08/Dec/2023:15:12:03 +0900] "GET / HTTP/1.1" 404 808
0:0:0:0:0:0:0:1 - - [08/Dec/2023:15:12:04 +0900] "GET /ServletStudy/myservlet05 HTTP/1.1" 200 469
127.0.0.1 - - [08/Dec/2023:15:12:40 +0900] "GET / HTTP/1.1" 404 808
0:0:0:0:0:0:0:1 - - [08/Dec/2023:15:12:41 +0900] "GET /ServletStudy/myservlet05 HTTP/1.1" 200 489
127.0.0.1 - - [08/Dec/2023:15:13:09 +0900] "GET / HTTP/1.1" 404 808
0:0:0:0:0:0:0:1 - - [08/Dec/2023:15:13:10 +0900] "GET /ServletStudy/myservlet05 HTTP/1.1" 200 489
127.0.0.1 - - [08/Dec/2023:15:13:58 +0900] "GET / HTTP/1.1" 404 808
0:0:0:0:0:0:0:1 - - [08/Dec/2023:15:13:58 +0900] "GET /ServletStudy/myservlet05 HTTP/1.1" 200 516
127.0.0.1 - - [08/Dec/2023:15:14:12 +0900] "GET / HTTP/1.1" 404 808
0:0:0:0:0:0:0:1 - - [08/Dec/2023:15:14:13 +0900] "GET /ServletStudy/myservlet05 HTTP/1.1" 200 513
127.0.0.1 - - [08/Dec/2023:15:14:25 +0900] "GET / HTTP/1.1" 404 808
0:0:0:0:0:0:0:1 - - [08/Dec/2023:15:14:26 +0900] "GET /ServletStudy/myservlet05 HTTP/1.1" 200 515
0:0:0:0:0:0:0:1 - - [08/Dec/2023:15:23:03 +0900] "GET /ServletStudy/servlet/edu.pnu.servlet.Gugudan HTTP/1.1" 404 860
127.0.0.1 - - [08/Dec/2023:15:23:15 +0900] "GET / HTTP/1.1" 404 808
0:0:0:0:0:0:0:1 - - [08/Dec/2023:15:23:15 +0900] "GET /ServletStudy/servlet/edu.pnu.servlet.Gugudan HTTP/1.1" 404 860
127.0.0.1 - - [08/Dec/2023:15:31:27 +0900] "GET / HTTP/1.1" 404 808
0:0:0:0:0:0:0:1 - - [08/Dec/2023:15:31:27 +0900] "GET /ServletStudy/servlet/edu.pnu.servlet.Gugudan HTTP/1.1" 404 860
127.0.0.1 - - [08/Dec/2023:15:41:06 +0900] "GET / HTTP/1.1" 404 808
0:0:0:0:0:0:0:1 - - [08/Dec/2023:15:41:07 +0900] "GET /ServletStudy/servlet/edu.pnu.servlet.Gugudan HTTP/1.1" 404 860
127.0.0.1 - - [08/Dec/2023:15:41:25 +0900] "GET / HTTP/1.1" 404 808
0:0:0:0:0:0:0:1 - - [08/Dec/2023:15:41:25 +0900] "GET /ServletStudy/servlet/edu.pnu.servlet.Gugudan HTTP/1.1" 404 860
127.0.0.1 - - [08/Dec/2023:15:41:42 +0900] "GET / HTTP/1.1" 404 808
0:0:0:0:0:0:0:1 - - [08/Dec/2023:15:41:42 +0900] "GET /ServletStudy/servlet/edu.pnu.servlet.Gugudan HTTP/1.1" 404 860
127.0.0.1 - - [08/Dec/2023:15:42:44 +0900] "GET / HTTP/1.1" 404 808
0:0:0:0:0:0:0:1 - - [08/Dec/2023:15:42:44 +0900] "GET /ServletStudy/servlet/edu.pnu.servlet.Gugudan HTTP/1.1" 404 860
127.0.0.1 - - [08/Dec/2023:15:46:04 +0900] "GET / HTTP/1.1" 404 808
0:0:0:0:0:0:0:1 - - [08/Dec/2023:15:46:05 +0900] "GET /ServletStudy/servlet/edu.pnu.servlet.Gugudan HTTP/1.1" 404 860
0:0:0:0:0:0:0:1 - - [08/Dec/2023:15:46:35 +0900] "GET /ServletStudy/servlet/edu.pnu.servlet.Gugudan HTTP/1.1" 404 860
0:0:0:0:0:0:0:1 - - [08/Dec/2023:15:47:45 +0900] "GET /ServletStudy/servlet/edu.pnu.servlet.Gugudan HTTP/1.1" 404 860
127.0.0.1 - - [08/Dec/2023:15:49:41 +0900] "GET / HTTP/1.1" 404 808
0:0:0:0:0:0:0:1 - - [08/Dec/2023:15:49:41 +0900] "GET /ServletStudy/myservlet05 HTTP/1.1" 200 522
127.0.0.1 - - [08/Dec/2023:15:50:01 +0900] "GET / HTTP/1.1" 404 808
0:0:0:0:0:0:0:1 - - [08/Dec/2023:15:50:01 +0900] "GET /ServletStudy/servlet/edu.pnu.servlet.Gugudan HTTP/1.1" 404 860
127.0.0.1 - - [08/Dec/2023:15:51:37 +0900] "GET / HTTP/1.1" 404 808
0:0:0:0:0:0:0:1 - - [08/Dec/2023:15:51:38 +0900] "GET /ServletStudy/Gugudan HTTP/1.1" 200 -
127.0.0.1 - - [08/Dec/2023:15:52:48 +0900] "GET / HTTP/1.1" 404 808
0:0:0:0:0:0:0:1 - - [08/Dec/2023:15:52:48 +0900] "GET /ServletStudy/Gugudan HTTP/1.1" 200 -
127.0.0.1 - - [08/Dec/2023:16:11:51 +0900] "GET / HTTP/1.1" 404 808
0:0:0:0:0:0:0:1 - - [08/Dec/2023:16:11:51 +0900] "GET /ServletStudy/Gugudan HTTP/1.1" 200 174
0:0:0:0:0:0:0:1 - - [08/Dec/2023:16:12:16 +0900] "GET /ServletStudy/Gugudan?num=2 HTTP/1.1" 200 174
0:0:0:0:0:0:0:1 - - [08/Dec/2023:16:12:20 +0900] "GET /ServletStudy/Gugudan?num=10 HTTP/1.1" 200 188
0:0:0:0:0:0:0:1 - - [08/Dec/2023:16:12:25 +0900] "GET /ServletStudy/Gugudan?num=15 HTTP/1.1" 200 191
127.0.0.1 - - [08/Dec/2023:16:22:39 +0900] "GET / HTTP/1.1" 404 808
0:0:0:0:0:0:0:1 - - [08/Dec/2023:16:22:39 +0900] "GET /ServletStudy/Gugudan HTTP/1.1" 200 174
127.0.0.1 - - [08/Dec/2023:16:37:08 +0900] "GET / HTTP/1.1" 404 808
0:0:0:0:0:0:0:1 - - [08/Dec/2023:16:37:09 +0900] "GET /ServletStudy/Gugudan HTTP/1.1" 200 174
0:0:0:0:0:0:0:1 - - [08/Dec/2023:16:37:15 +0900] "GET /ServletStudy/Gugudan?num=10 HTTP/1.1" 200 188
127.0.0.1 - - [08/Dec/2023:16:37:53 +0900] "GET / HTTP/1.1" 404 808
127.0.0.1 - - [08/Dec/2023:16:39:55 +0900] "GET / HTTP/1.1" 404 808
0:0:0:0:0:0:0:1 - - [08/Dec/2023:16:41:19 +0900] "GET /ServletStudy/Gugudan HTTP/1.1" 200 174
127.0.0.1 - - [08/Dec/2023:16:53:53 +0900] "GET / HTTP/1.1" 404 808
127.0.0.1 - - [08/Dec/2023:16:56:11 +0900] "GET / HTTP/1.1" 404 808
127.0.0.1 - - [08/Dec/2023:16:58:08 +0900] "GET / HTTP/1.1" 404 808
127.0.0.1 - - [08/Dec/2023:16:59:08 +0900] "GET / HTTP/1.1" 404 808
127.0.0.1 - - [08/Dec/2023:16:59:52 +0900] "GET / HTTP/1.1" 404 808
127.0.0.1 - - [08/Dec/2023:17:18:45 +0900] "GET / HTTP/1.1" 404 808
127.0.0.1 - - [08/Dec/2023:17:22:10 +0900] "GET / HTTP/1.1" 404 808
0:0:0:0:0:0:0:1 - - [08/Dec/2023:17:22:11 +0900] "GET /ServletStudy/Gugudan2 HTTP/1.1" 200 1410
127.0.0.1 - - [08/Dec/2023:17:33:46 +0900] "GET / HTTP/1.1" 404 808
0:0:0:0:0:0:0:1 - - [08/Dec/2023:17:33:46 +0900] "GET /ServletStudy/Gugudan2 HTTP/1.1" 200 1410
0:0:0:0:0:0:0:1 - - [08/Dec/2023:17:33:54 +0900] "GET /ServletStudy/Gugudan2?=ver HTTP/1.1" 200 1410
0:0:0:0:0:0:0:1 - - [08/Dec/2023:17:33:58 +0900] "GET /ServletStudy/Gugudan2?=vd HTTP/1.1" 200 1410
0:0:0:0:0:0:0:1 - - [08/Dec/2023:17:34:00 +0900] "GET /ServletStudy/Gugudan2?=vd HTTP/1.1" 200 1410
127.0.0.1 - - [08/Dec/2023:17:38:41 +0900] "GET / HTTP/1.1" 404 808
0:0:0:0:0:0:0:1 - - [08/Dec/2023:17:38:41 +0900] "GET /ServletStudy/Gugudan2 HTTP/1.1" 200 1410
0:0:0:0:0:0:0:1 - - [08/Dec/2023:17:38:47 +0900] "GET /ServletStudy/Gugudan2?=ver HTTP/1.1" 200 1410
0:0:0:0:0:0:0:1 - - [08/Dec/2023:17:38:53 +0900] "GET /ServletStudy/Gugudan2?=hor HTTP/1.1" 200 1410
0:0:0:0:0:0:0:1 - - [08/Dec/2023:17:38:56 +0900] "GET /ServletStudy/Gugudan2?=d HTTP/1.1" 200 1410
0:0:0:0:0:0:0:1 - - [08/Dec/2023:17:38:57 +0900] "GET /ServletStudy/Gugudan2?=d HTTP/1.1" 200 1410
127.0.0.1 - - [08/Dec/2023:17:42:52 +0900] "GET / HTTP/1.1" 404 808
0:0:0:0:0:0:0:1 - - [08/Dec/2023:17:42:53 +0900] "GET /ServletStudy/Gugudan2 HTTP/1.1" 500 3993
127.0.0.1 - - [08/Dec/2023:17:48:39 +0900] "GET / HTTP/1.1" 404 808
0:0:0:0:0:0:0:1 - - [08/Dec/2023:17:48:39 +0900] "GET /ServletStudy/Gugudan2 HTTP/1.1" 500 4077
127.0.0.1 - - [08/Dec/2023:17:49:03 +0900] "GET / HTTP/1.1" 404 808
0:0:0:0:0:0:0:1 - - [08/Dec/2023:17:49:04 +0900] "GET /ServletStudy/Gugudan2 HTTP/1.1" 200 1410
0:0:0:0:0:0:0:1 - - [08/Dec/2023:17:49:09 +0900] "GET /ServletStudy/Gugudan2?=d HTTP/1.1" 200 1410
0:0:0:0:0:0:0:1 - - [08/Dec/2023:17:49:12 +0900] "GET /ServletStudy/Gugudan2?=d HTTP/1.1" 200 1410
0:0:0:0:0:0:0:1 - - [08/Dec/2023:17:49:17 +0900] "GET /ServletStudy/Gugudan2?=hor HTTP/1.1" 200 1410
127.0.0.1 - - [08/Dec/2023:17:53:44 +0900] "GET / HTTP/1.1" 404 808
0:0:0:0:0:0:0:1 - - [08/Dec/2023:17:53:44 +0900] "GET /ServletStudy/Gugudan2 HTTP/1.1" 200 1410
0:0:0:0:0:0:0:1 - - [08/Dec/2023:17:54:28 +0900] "GET /ServletStudy/Gugudan2?d=ver HTTP/1.1" 200 1410
0:0:0:0:0:0:0:1 - - [08/Dec/2023:17:54:31 +0900] "GET /ServletStudy/Gugudan2?d=h HTTP/1.1" 200 1410
0:0:0:0:0:0:0:1 - - [08/Dec/2023:17:54:34 +0900] "GET /ServletStudy/Gugudan2?d=h HTTP/1.1" 200 1410
0:0:0:0:0:0:0:1 - - [08/Dec/2023:17:54:45 +0900] "GET /ServletStudy/Gugudan2?dir=h HTTP/1.1" 200 128
127.0.0.1 - - [08/Dec/2023:17:55:19 +0900] "GET / HTTP/1.1" 404 808
0:0:0:0:0:0:0:1 - - [08/Dec/2023:17:55:20 +0900] "GET /ServletStudy/Gugudan2 HTTP/1.1" 200 1410
0:0:0:0:0:0:0:1 - - [08/Dec/2023:17:55:25 +0900] "GET /ServletStudy/Gugudan2 HTTP/1.1" 200 1410
0:0:0:0:0:0:0:1 - - [08/Dec/2023:17:55:35 +0900] "GET /ServletStudy/Gugudan2?dir=h HTTP/1.1" 200 328
127.0.0.1 - - [08/Dec/2023:17:55:56 +0900] "GET /ServletStudy/Gugudan2 HTTP/1.1" 200 1410
127.0.0.1 - - [08/Dec/2023:17:55:57 +0900] "GET / HTTP/1.1" 404 808
127.0.0.1 - - [08/Dec/2023:17:56:01 +0900] "GET /ServletStudy/Gugudan2?dir=h HTTP/1.1" 200 312
127.0.0.1 - - [08/Dec/2023:17:57:02 +0900] "GET / HTTP/1.1" 404 808
0:0:0:0:0:0:0:1 - - [08/Dec/2023:17:57:02 +0900] "GET /ServletStudy/Gugudan2 HTTP/1.1" 200 1410
0:0:0:0:0:0:0:1 - - [08/Dec/2023:17:57:18 +0900] "GET /ServletStudy/Gugudan2?dir=h HTTP/1.1" 200 296
